../Core/Src/main.c:89:5:main	24	static
../Core/Src/main.c:148:6:SystemClock_Config	88	static
../Core/Src/main.c:195:13:MX_LPUART1_UART_Init	8	static
../Core/Src/main.c:242:13:MX_TIM3_Init	56	static
../Core/Src/main.c:291:13:MX_TIM5_Init	40	static
../Core/Src/main.c:336:13:MX_GPIO_Init	48	static
../Core/Src/main.c:374:6:HAL_TIM_PeriodElapsedCallback	24	static
../Core/Src/main.c:381:10:micros	12	static
../Core/Src/main.c:386:6:QEIEncoderPosVel_Update	24	static
../Core/Src/main.c:421:6:Error_Handler	4	static,ignoring_inline_asm
