../Core/Src/main.c:92:5:main	24	static
../Core/Src/main.c:153:6:SystemClock_Config	88	static
../Core/Src/main.c:200:13:MX_LPUART1_UART_Init	8	static
../Core/Src/main.c:247:13:MX_TIM1_Init	120	static
../Core/Src/main.c:329:13:MX_TIM3_Init	56	static
../Core/Src/main.c:378:13:MX_TIM5_Init	40	static
../Core/Src/main.c:423:13:MX_GPIO_Init	48	static
../Core/Src/main.c:461:6:HAL_TIM_PeriodElapsedCallback	16	static
../Core/Src/main.c:468:10:micros	56	static,ignoring_inline_asm
../Core/Src/main.c:487:6:QEIEncoderPosVel_Update	24	static
../Core/Src/main.c:522:6:Error_Handler	4	static,ignoring_inline_asm
