../Core/Src/main.c:79:5:main	8	static
../Core/Src/main.c:129:6:SystemClock_Config	88	static
../Core/Src/main.c:176:13:MX_ADC1_Init	56	static
../Core/Src/main.c:244:13:MX_LPUART1_UART_Init	8	static
../Core/Src/main.c:291:13:MX_TIM2_Init	40	static
../Core/Src/main.c:336:13:MX_TIM3_Init	40	static
../Core/Src/main.c:379:13:MX_DMA_Init	16	static
../Core/Src/main.c:398:13:MX_GPIO_Init	48	static
../Core/Src/main.c:435:6:HAL_TIM_PeriodElapsedCallback	16	static
../Core/Src/main.c:443:6:ReadTimeValue	56	static,ignoring_inline_asm
../Core/Src/main.c:466:6:Error_Handler	4	static,ignoring_inline_asm
