../Core/Src/main.c:77:5:main	24	static
../Core/Src/main.c:131:6:SystemClock_Config	88	static
../Core/Src/main.c:178:13:MX_LPUART1_UART_Init	8	static
../Core/Src/main.c:225:13:MX_USART1_UART_Init	8	static
../Core/Src/main.c:271:13:MX_DMA_Init	16	static
../Core/Src/main.c:299:13:MX_GPIO_Init	48	static
../Core/Src/main.c:336:6:UARTPollingMethod	16	static
../Core/Src/main.c:357:6:DummyTask	8	static
../Core/Src/main.c:366:6:UARTConfig	8	static
../Core/Src/main.c:370:6:HAL_UART_RxCpltCallback	24	static
../Core/Src/main.c:388:6:Error_Handler	4	static,ignoring_inline_asm
